--- _rtld_global_ro ---
/* offset      |    size */  type = struct rtld_global_ro {
/*      0      |       4 */    int _dl_debug_mask;
/* XXX  4-byte hole      */
/*      8      |       8 */    const char *_dl_platform;
/*     16      |       8 */    size_t _dl_platformlen;
/*     24      |       8 */    size_t _dl_pagesize;
/*     32      |       8 */    size_t _dl_minsigstacksize;
/*     40      |       4 */    int _dl_inhibit_cache;
/* XXX  4-byte hole      */
/*     48      |      16 */    struct r_scope_elem {
/*     48      |       8 */        struct link_map **r_list;
/*     56      |       4 */        unsigned int r_nlist;
/* XXX  4-byte padding   */

                                   /* total size (bytes):   16 */
                               } _dl_initial_searchlist;
/*     64      |       4 */    int _dl_clktck;
/*     68      |       4 */    int _dl_verbose;
/*     72      |       4 */    int _dl_debug_fd;
/*     76      |       4 */    int _dl_lazy;
/*     80      |       4 */    int _dl_bind_not;
/*     84      |       4 */    int _dl_dynamic_weak;
/*     88      |       4 */    fpu_control_t _dl_fpu_control;
/* XXX  4-byte hole      */
/*     96      |       8 */    uint64_t _dl_hwcap;
/*    104      |       8 */    Elf64_auxv_t *_dl_auxv;
/*    112      |     128 */    struct cpu_features {
/*    112      |       8 */        unsigned long hwcap;
/*    120      |       8 */        unsigned long __reserved_hwcap2;
/*    128      |       8 */        unsigned long long __reserved;
/*    136      |       8 */        unsigned long long stfle_orig;
/*    144      |       8 */        unsigned long long stfle_filtered;
/*    152      |      88 */        unsigned long long __reserved2[11];

                                   /* total size (bytes):  128 */
                               } _dl_s390_cpu_features;
/*    240      |       8 */    const char *_dl_inhibit_rpath;
/*    248      |       8 */    const char *_dl_origin_path;
/*    256      |       8 */    size_t _dl_tls_static_size;
/*    264      |       8 */    size_t _dl_tls_static_align;
/*    272      |       8 */    size_t _dl_tls_static_surplus;
/*    280      |       8 */    const char *_dl_profile;
/*    288      |       8 */    const char *_dl_profile_output;
/*    296      |       8 */    struct r_search_path_elem *_dl_init_all_dirs;
/*    304      |       8 */    const Elf64_Ehdr *_dl_sysinfo_dso;
/*    312      |       8 */    struct link_map *_dl_sysinfo_map;
/*    320      |       8 */    int (*_dl_vdso_clock_gettime64)(clockid_t, struct timespec *);
/*    328      |       8 */    int (*_dl_vdso_gettimeofday)(struct timeval *, void *);
/*    336      |       8 */    int (*_dl_vdso_getcpu)(unsigned int *, unsigned int *, void *);
/*    344      |       8 */    int (*_dl_vdso_clock_getres_time64)(clockid_t, struct timespec *);
/*    352      |       8 */    ssize_t (*_dl_vdso_getrandom)(void *, size_t, unsigned int, void *, size_t);
/*    360      |       8 */    uint64_t _dl_hwcap2;
/*    368      |       8 */    uint64_t _dl_hwcap3;
/*    376      |       8 */    uint64_t _dl_hwcap4;
/*    384      |       4 */    enum dso_sort_algorithm _dl_dso_sort_algo;
/* XXX  4-byte hole      */
/*    392      |       8 */    void (*_dl_debug_printf)(const char *, ...);
/*    400      |       8 */    void (*_dl_mcount)(Elf64_Addr, Elf64_Addr);
/*    408      |       8 */    lookup_t (*_dl_lookup_symbol_x)(const char *, struct link_map *, const Elf64_Sym **, struct r_scope_elem **, const struct r_found_version *, int, int, struct link_map *);
/*    416      |       8 */    void *(*_dl_open)(const char *, int, const void *, Lmid_t, int, char **, char **);
/*    424      |       8 */    void (*_dl_close)(void *);
/*    432      |       8 */    int (*_dl_catch_error)(const char **, const char **, _Bool *, void (*)(void *), void *);
/*    440      |       8 */    void (*_dl_error_free)(void *);
/*    448      |       8 */    void *(*_dl_tls_get_addr_soft)(struct link_map *);
/*    456      |       8 */    void (*_dl_libc_freeres)(void);
/*    464      |       8 */    int (*_dl_find_object)(void *, struct dl_find_object *);
/*    472      |       8 */    const struct dlfcn_hook *_dl_dlfcn_hook;
/*    480      |       8 */    struct audit_ifaces *_dl_audit;
/*    488      |       4 */    unsigned int _dl_naudit;
/* XXX  4-byte padding   */

                               /* total size (bytes):  496 */
                             }
--- _rtld_global ---
/* offset      |    size */  type = struct rtld_global {
/*      0      |    2560 */    struct link_namespaces _dl_ns[16];
/*   2560      |       8 */    size_t _dl_nns;
/*   2568      |      40 */    __rtld_lock_recursive_t _dl_load_lock;
/*   2608      |      40 */    __rtld_lock_recursive_t _dl_load_write_lock;
/*   2648      |      40 */    __rtld_lock_recursive_t _dl_load_tls_lock;
/*   2688      |       8 */    unsigned long long _dl_load_adds;
/*   2696      |       8 */    struct link_map *_dl_initfirst;
/*   2704      |       8 */    struct link_map *_dl_profile_map;
/*   2712      |       8 */    unsigned long _dl_num_relocations;
/*   2720      |       8 */    unsigned long _dl_num_cache_relocations;
/*   2728      |       8 */    struct r_search_path_elem *_dl_all_dirs;
/*   2736      |    1168 */    struct link_map {
/*   2736      |       8 */        Elf64_Addr l_addr;
/*   2744      |       8 */        char *l_name;
/*   2752      |       8 */        Elf64_Dyn *l_ld;
/*   2760      |       8 */        struct link_map *l_next;
/*   2768      |       8 */        struct link_map *l_prev;
/*   2776      |       8 */        struct link_map *l_real;
/*   2784      |       8 */        Lmid_t l_ns;
/*   2792      |       8 */        struct libname_list *l_libname;
/*   2800      |     640 */        Elf64_Dyn *l_info[80];
/*   3440      |       8 */        const Elf64_Phdr *l_phdr;
/*   3448      |       8 */        Elf64_Addr l_entry;
/*   3456      |       2 */        Elf64_Half l_phnum;
/*   3458      |       2 */        Elf64_Half l_ldnum;
/* XXX  4-byte hole      */
/*   3464      |      16 */        struct r_scope_elem {
/*   3464      |       8 */            struct link_map **r_list;
/*   3472      |       4 */            unsigned int r_nlist;
/* XXX  4-byte padding   */

                                       /* total size (bytes):   16 */
                                   } l_searchlist;
/*   3480      |      16 */        struct r_scope_elem {
/*   3480      |       8 */            struct link_map **r_list;
/*   3488      |       4 */            unsigned int r_nlist;
/* XXX  4-byte padding   */

                                       /* total size (bytes):   16 */
                                   } l_symbolic_searchlist;
/*   3496      |       8 */        struct link_map *l_loader;
/*   3504      |       8 */        struct r_found_version *l_versions;
/*   3512      |       4 */        unsigned int l_nversions;
/* XXX  4-byte hole      */
/*   3520      |       8 */        Elf_Symndx l_nbuckets;
/*   3528      |       4 */        Elf32_Word l_gnu_bitmask_idxbits;
/*   3532      |       4 */        Elf32_Word l_gnu_shift;
/*   3536      |       8 */        const Elf64_Addr *l_gnu_bitmask;
/*   3544      |       8 */        union {
/*                     8 */            const Elf32_Word *l_gnu_buckets;
/*                     8 */            const Elf_Symndx *l_chain;

                                       /* total size (bytes):    8 */
                                   };
/*   3552      |       8 */        union {
/*                     8 */            const Elf32_Word *l_gnu_chain_zero;
/*                     8 */            const Elf_Symndx *l_buckets;

                                       /* total size (bytes):    8 */
                                   };
/*   3560      |       4 */        unsigned int l_direct_opencount;
/*   3564: 0   |       4 */        enum {lt_executable, lt_library, lt_loaded} l_type : 2;
/*   3564: 2   |       4 */        unsigned int l_dt_relr_ref : 1;
/*   3564: 3   |       4 */        unsigned int l_relocated : 1;
/*   3564: 4   |       4 */        unsigned int l_init_called : 1;
/*   3564: 5   |       4 */        unsigned int l_global : 1;
/*   3564: 6   |       4 */        unsigned int l_reserved : 2;
/*   3565: 0   |       4 */        unsigned int l_main_map : 1;
/*   3565: 1   |       4 */        unsigned int l_visited : 1;
/*   3565: 2   |       4 */        unsigned int l_map_used : 1;
/*   3565: 3   |       4 */        unsigned int l_map_done : 1;
/*   3565: 4   |       4 */        unsigned int l_phdr_allocated : 1;
/*   3565: 5   |       4 */        unsigned int l_soname_added : 1;
/*   3565: 6   |       4 */        unsigned int l_faked : 1;
/*   3565: 7   |       4 */        unsigned int l_need_tls_init : 1;
/*   3566: 0   |       4 */        unsigned int l_auditing : 1;
/*   3566: 1   |       4 */        unsigned int l_audit_any_plt : 1;
/*   3566: 2   |       4 */        unsigned int l_removed : 1;
/*   3566: 3   |       4 */        unsigned int l_contiguous : 1;
/*   3566: 4   |       4 */        unsigned int l_free_initfini : 1;
/*   3566: 5   |       4 */        unsigned int l_ld_readonly : 1;
/*   3566: 6   |       4 */        unsigned int l_find_object_processed : 1;
/*   3566: 7   |       4 */        unsigned int l_tls_in_slotinfo : 1;
/*   3567      |       1 */        _Bool l_nodelete_active;
/*   3568      |       1 */        _Bool l_nodelete_pending;
/* XXX  3-byte hole      */
/*   3572      |       4 */        unsigned int l_1_needed;
/*   3576      |      16 */        struct r_search_path_struct {
/*   3576      |       8 */            struct r_search_path_elem **dirs;
/*   3584      |       4 */            int malloced;
/* XXX  4-byte padding   */

                                       /* total size (bytes):   16 */
                                   } l_rpath_dirs;
/*   3592      |       8 */        struct reloc_result *l_reloc_result;
/*   3600      |       8 */        Elf64_Versym *l_versyms;
/*   3608      |       8 */        const char *l_origin;
/*   3616      |       8 */        Elf64_Addr l_map_start;
/*   3624      |       8 */        Elf64_Addr l_map_end;
/*   3632      |      32 */        struct r_scope_elem *l_scope_mem[4];
/*   3664      |       8 */        size_t l_scope_max;
/*   3672      |       8 */        struct r_scope_elem **l_scope;
/*   3680      |      16 */        struct r_scope_elem *l_local_scope[2];
/*   3696      |      16 */        struct r_file_id {
/*   3696      |       8 */            dev_t dev;
/*   3704      |       8 */            ino64_t ino;

                                       /* total size (bytes):   16 */
                                   } l_file_id;
/*   3712      |      16 */        struct r_search_path_struct {
/*   3712      |       8 */            struct r_search_path_elem **dirs;
/*   3720      |       4 */            int malloced;
/* XXX  4-byte padding   */

                                       /* total size (bytes):   16 */
                                   } l_runpath_dirs;
/*   3728      |       8 */        struct link_map **l_initfini;
/*   3736      |       8 */        struct link_map_reldeps *l_reldeps;
/*   3744      |       4 */        unsigned int l_reldepsmax;
/*   3748      |       4 */        unsigned int l_used;
/*   3752      |       4 */        Elf64_Word l_feature_1;
/*   3756      |       4 */        Elf64_Word l_flags_1;
/*   3760      |       4 */        Elf64_Word l_flags;
/*   3764      |       4 */        int l_idx;
/*   3768      |      16 */        struct link_map_machine {
/*   3768      |       8 */            Elf64_Addr plt;
/*   3776      |       8 */            const Elf64_Rela *jmprel;

                                       /* total size (bytes):   16 */
                                   } l_mach;
/*   3784      |      32 */        struct {
/*   3784      |       8 */            const Elf64_Sym *sym;
/*   3792      |       4 */            int type_class;
/* XXX  4-byte hole      */
/*   3800      |       8 */            struct link_map *value;
/*   3808      |       8 */            const Elf64_Sym *ret;

                                       /* total size (bytes):   32 */
                                   } l_lookup_cache;
/*   3816      |       8 */        void *l_tls_initimage;
/*   3824      |       8 */        size_t l_tls_initimage_size;
/*   3832      |       8 */        size_t l_tls_blocksize;
/*   3840      |       8 */        size_t l_tls_align;
/*   3848      |       8 */        size_t l_tls_firstbyte_offset;
/*   3856      |       8 */        ptrdiff_t l_tls_offset;
/*   3864      |       8 */        size_t l_tls_modid;
/*   3872      |       8 */        size_t l_tls_dtor_count;
/*   3880      |       8 */        Elf64_Addr l_relro_addr;
/*   3888      |       8 */        size_t l_relro_size;
/*   3896      |       8 */        unsigned long long l_serial;

                                   /* total size (bytes): 1168 */
                               } _dl_rtld_map;
/*   3904      |     256 */    struct auditstate _dl_rtld_auditstate[16];
/*   4160      |       4 */    Elf64_Word _dl_stack_flags;
/*   4164      |       1 */    _Bool _dl_tls_dtv_gaps;
/* XXX  3-byte hole      */
/*   4168      |       8 */    size_t _dl_tls_max_dtv_idx;
/*   4176      |       8 */    struct dtv_slotinfo_list *_dl_tls_dtv_slotinfo_list;
/*   4184      |       8 */    size_t _dl_tls_static_nelem;
/*   4192      |       8 */    size_t _dl_tls_static_used;
/*   4200      |       8 */    size_t _dl_tls_static_optional;
/*   4208      |       8 */    void *_dl_initial_dtv;
/*   4216      |       8 */    size_t _dl_tls_generation;
/*   4224      |       8 */    struct dl_scope_free_list *_dl_scope_free_list;
/*   4232      |      16 */    list_t _dl_stack_used;
/*   4248      |      16 */    list_t _dl_stack_user;
/*   4264      |      16 */    list_t _dl_stack_cache;
/*   4280      |       8 */    size_t _dl_stack_cache_actsize;
/*   4288      |       8 */    uintptr_t _dl_in_flight_stack;
/*   4296      |       4 */    int _dl_stack_cache_lock;
/* XXX  4-byte padding   */

                               /* total size (bytes): 4304 */
                             }
--- struct link_map ---
/* offset      |    size */  type = struct link_map {
/*      0      |       8 */    Elf64_Addr l_addr;
/*      8      |       8 */    char *l_name;
/*     16      |       8 */    Elf64_Dyn *l_ld;
/*     24      |       8 */    struct link_map *l_next;
/*     32      |       8 */    struct link_map *l_prev;
/*     40      |       8 */    struct link_map *l_real;
/*     48      |       8 */    Lmid_t l_ns;
/*     56      |       8 */    struct libname_list *l_libname;
/*     64      |     640 */    Elf64_Dyn *l_info[80];
/*    704      |       8 */    const Elf64_Phdr *l_phdr;
/*    712      |       8 */    Elf64_Addr l_entry;
/*    720      |       2 */    Elf64_Half l_phnum;
/*    722      |       2 */    Elf64_Half l_ldnum;
/* XXX  4-byte hole      */
/*    728      |      16 */    struct r_scope_elem {
/*    728      |       8 */        struct link_map **r_list;
/*    736      |       4 */        unsigned int r_nlist;
/* XXX  4-byte padding   */

                                   /* total size (bytes):   16 */
                               } l_searchlist;
/*    744      |      16 */    struct r_scope_elem {
/*    744      |       8 */        struct link_map **r_list;
/*    752      |       4 */        unsigned int r_nlist;
/* XXX  4-byte padding   */

                                   /* total size (bytes):   16 */
                               } l_symbolic_searchlist;
/*    760      |       8 */    struct link_map *l_loader;
/*    768      |       8 */    struct r_found_version *l_versions;
/*    776      |       4 */    unsigned int l_nversions;
/* XXX  4-byte hole      */
/*    784      |       8 */    Elf_Symndx l_nbuckets;
/*    792      |       4 */    Elf32_Word l_gnu_bitmask_idxbits;
/*    796      |       4 */    Elf32_Word l_gnu_shift;
/*    800      |       8 */    const Elf64_Addr *l_gnu_bitmask;
/*    808      |       8 */    union {
/*                     8 */        const Elf32_Word *l_gnu_buckets;
/*                     8 */        const Elf_Symndx *l_chain;

                                   /* total size (bytes):    8 */
                               };
/*    816      |       8 */    union {
/*                     8 */        const Elf32_Word *l_gnu_chain_zero;
/*                     8 */        const Elf_Symndx *l_buckets;

                                   /* total size (bytes):    8 */
                               };
/*    824      |       4 */    unsigned int l_direct_opencount;
/*    828: 0   |       4 */    enum {lt_executable, lt_library, lt_loaded} l_type : 2;
/*    828: 2   |       4 */    unsigned int l_dt_relr_ref : 1;
/*    828: 3   |       4 */    unsigned int l_relocated : 1;
/*    828: 4   |       4 */    unsigned int l_init_called : 1;
/*    828: 5   |       4 */    unsigned int l_global : 1;
/*    828: 6   |       4 */    unsigned int l_reserved : 2;
/*    829: 0   |       4 */    unsigned int l_main_map : 1;
/*    829: 1   |       4 */    unsigned int l_visited : 1;
/*    829: 2   |       4 */    unsigned int l_map_used : 1;
/*    829: 3   |       4 */    unsigned int l_map_done : 1;
/*    829: 4   |       4 */    unsigned int l_phdr_allocated : 1;
/*    829: 5   |       4 */    unsigned int l_soname_added : 1;
/*    829: 6   |       4 */    unsigned int l_faked : 1;
/*    829: 7   |       4 */    unsigned int l_need_tls_init : 1;
/*    830: 0   |       4 */    unsigned int l_auditing : 1;
/*    830: 1   |       4 */    unsigned int l_audit_any_plt : 1;
/*    830: 2   |       4 */    unsigned int l_removed : 1;
/*    830: 3   |       4 */    unsigned int l_contiguous : 1;
/*    830: 4   |       4 */    unsigned int l_free_initfini : 1;
/*    830: 5   |       4 */    unsigned int l_ld_readonly : 1;
/*    830: 6   |       4 */    unsigned int l_find_object_processed : 1;
/*    830: 7   |       4 */    unsigned int l_tls_in_slotinfo : 1;
/*    831      |       1 */    _Bool l_nodelete_active;
/*    832      |       1 */    _Bool l_nodelete_pending;
/* XXX  3-byte hole      */
/*    836      |       4 */    unsigned int l_1_needed;
/*    840      |      16 */    struct r_search_path_struct {
/*    840      |       8 */        struct r_search_path_elem **dirs;
/*    848      |       4 */        int malloced;
/* XXX  4-byte padding   */

                                   /* total size (bytes):   16 */
                               } l_rpath_dirs;
/*    856      |       8 */    struct reloc_result *l_reloc_result;
/*    864      |       8 */    Elf64_Versym *l_versyms;
/*    872      |       8 */    const char *l_origin;
/*    880      |       8 */    Elf64_Addr l_map_start;
/*    888      |       8 */    Elf64_Addr l_map_end;
/*    896      |      32 */    struct r_scope_elem *l_scope_mem[4];
/*    928      |       8 */    size_t l_scope_max;
/*    936      |       8 */    struct r_scope_elem **l_scope;
/*    944      |      16 */    struct r_scope_elem *l_local_scope[2];
/*    960      |      16 */    struct r_file_id {
/*    960      |       8 */        dev_t dev;
/*    968      |       8 */        ino64_t ino;

                                   /* total size (bytes):   16 */
                               } l_file_id;
/*    976      |      16 */    struct r_search_path_struct {
/*    976      |       8 */        struct r_search_path_elem **dirs;
/*    984      |       4 */        int malloced;
/* XXX  4-byte padding   */

                                   /* total size (bytes):   16 */
                               } l_runpath_dirs;
/*    992      |       8 */    struct link_map **l_initfini;
/*   1000      |       8 */    struct link_map_reldeps *l_reldeps;
/*   1008      |       4 */    unsigned int l_reldepsmax;
/*   1012      |       4 */    unsigned int l_used;
/*   1016      |       4 */    Elf64_Word l_feature_1;
/*   1020      |       4 */    Elf64_Word l_flags_1;
/*   1024      |       4 */    Elf64_Word l_flags;
/*   1028      |       4 */    int l_idx;
/*   1032      |      16 */    struct link_map_machine {
/*   1032      |       8 */        Elf64_Addr plt;
/*   1040      |       8 */        const Elf64_Rela *jmprel;

                                   /* total size (bytes):   16 */
                               } l_mach;
/*   1048      |      32 */    struct {
/*   1048      |       8 */        const Elf64_Sym *sym;
/*   1056      |       4 */        int type_class;
/* XXX  4-byte hole      */
/*   1064      |       8 */        struct link_map *value;
/*   1072      |       8 */        const Elf64_Sym *ret;

                                   /* total size (bytes):   32 */
                               } l_lookup_cache;
/*   1080      |       8 */    void *l_tls_initimage;
/*   1088      |       8 */    size_t l_tls_initimage_size;
/*   1096      |       8 */    size_t l_tls_blocksize;
/*   1104      |       8 */    size_t l_tls_align;
/*   1112      |       8 */    size_t l_tls_firstbyte_offset;
/*   1120      |       8 */    ptrdiff_t l_tls_offset;
/*   1128      |       8 */    size_t l_tls_modid;
/*   1136      |       8 */    size_t l_tls_dtor_count;
/*   1144      |       8 */    Elf64_Addr l_relro_addr;
/*   1152      |       8 */    size_t l_relro_size;
/*   1160      |       8 */    unsigned long long l_serial;

                               /* total size (bytes): 1168 */
                             }
--- struct pthread ---
/* offset      |    size */  type = struct pthread {
/*      0      |     192 */    union {
/*                    64 */        tcbhead_t header;
/*                   192 */        void *__padding[24];

                                   /* total size (bytes):  192 */
                               };
/*    192      |      16 */    list_t list;
/*    208      |       4 */    pid_t tid;
/* XXX  4-byte hole      */
/*    216      |       8 */    void *robust_prev;
/*    224      |      24 */    struct robust_list_head {
/*    224      |       8 */        void *list;
/*    232      |       8 */        long futex_offset;
/*    240      |       8 */        void *list_op_pending;

                                   /* total size (bytes):   24 */
                               } robust_head;
/*    248      |       8 */    struct _pthread_cleanup_buffer *cleanup;
/*    256      |       8 */    struct pthread_unwind_buf *cleanup_jmp_buf;
/*    264      |       4 */    int cancelhandling;
/*    268      |       4 */    int flags;
/*    272      |     512 */    struct pthread_key_data specific_1stblock[32];
/*    784      |     256 */    struct pthread_key_data *specific[32];
/*   1040      |       1 */    _Bool specific_used;
/*   1041      |       1 */    _Bool report_events;
/*   1042      |       1 */    _Bool user_stack;
/*   1043      |       1 */    _Bool stopped_start;
/*   1044      |       4 */    int setup_failed;
/*   1048      |       4 */    int lock;
/*   1052      |       4 */    unsigned int setxid_futex;
/*   1056      |       8 */    struct pthread *joinid;
/*   1064      |       8 */    void *result;
/*   1072      |       4 */    struct sched_param {
/*   1072      |       4 */        int sched_priority;

                                   /* total size (bytes):    4 */
                               } schedparam;
/*   1076      |       4 */    int schedpolicy;
/*   1080      |       8 */    void *(*start_routine)(void *);
/*   1088      |       8 */    void *arg;
/*   1096      |      24 */    td_eventbuf_t eventbuf;
/*   1120      |       8 */    struct pthread *nextevent;
/* XXX  8-byte hole      */
/*   1136      |      32 */    struct _Unwind_Exception {
/*   1136      |      32 */        union {
/*                    32 */            struct {
/*   1136      |       8 */                _Unwind_Exception_Class exception_class;
/*   1144      |       8 */                _Unwind_Exception_Cleanup_Fn exception_cleanup;
/*   1152      |       8 */                _Unwind_Word private_1;
/*   1160      |       8 */                _Unwind_Word private_2;

                                           /* total size (bytes):   32 */
                                       };
/*                    16 */            _Unwind_Word unwind_exception_align[2];

                                       /* total size (bytes):   32 */
                                   };

                                   /* total size (bytes):   32 */
                               } exc;
/*   1168      |       8 */    void *stackblock;
/*   1176      |       8 */    size_t stackblock_size;
/*   1184      |       8 */    size_t guardsize;
/*   1192      |       8 */    size_t reported_guardsize;
/*   1200      |       8 */    struct priority_protection_data *tpp;
/*   1208      |     568 */    struct __res_state {
/*   1208      |       4 */        int retrans;
/*   1212      |       4 */        int retry;
/*   1216      |       8 */        unsigned long options;
/*   1224      |       4 */        int nscount;
/*   1228      |      48 */        struct sockaddr_in nsaddr_list[3];
/*   1276      |       2 */        unsigned short id;
/* XXX  2-byte hole      */
/*   1280      |      56 */        char *dnsrch[7];
/*   1336      |     256 */        char defdname[256];
/*   1592      |       8 */        unsigned long pfcode;
/*   1600: 0   |       4 */        unsigned int ndots : 4;
/*   1600: 4   |       4 */        unsigned int nsort : 4;
/*   1601: 0   |       4 */        unsigned int ipv6_unavail : 1;
/*   1601: 1   |       4 */        unsigned int unused : 23;
/*   1604      |      80 */        struct {
/*      0      |       4 */            struct in_addr addr;
/*      4      |       4 */            uint32_t mask;
                                   } sort_list[10];
/* XXX  4-byte hole      */
/*   1688      |       8 */        void *__glibc_unused_qhook;
/*   1696      |       8 */        void *__glibc_unused_rhook;
/*   1704      |       4 */        int res_h_errno;
/*   1708      |       4 */        int _vcsock;
/*   1712      |       4 */        unsigned int _flags;
/* XXX  4-byte hole      */
/*   1720      |      56 */        union {
/*                    52 */            char pad[52];
/*                    56 */            struct {
/*   1720      |       2 */                uint16_t nscount;
/*   1722      |       6 */                uint16_t nsmap[3];
/*   1728      |      12 */                int nssocks[3];
/*   1740      |       2 */                uint16_t nscount6;
/*   1742      |       2 */                uint16_t nsinit;
/*   1744      |      24 */                struct sockaddr_in6 *nsaddrs[3];
/*   1768      |       8 */                unsigned long long __glibc_extension_index;

                                           /* total size (bytes):   56 */
                                       } _ext;

                                       /* total size (bytes):   56 */
                                   } _u;

                                   /* total size (bytes):  568 */
                               } res;
/*   1776      |       8 */    internal_sigset_t sigmask;
/*   1784      |       8 */    struct rtld_catch *rtld_catch;
/*   1792      |       1 */    _Bool c11;
/*   1793      |       1 */    _Bool exiting;
/* XXX  2-byte hole      */
/*   1796      |       4 */    int exit_lock;
/*   1800      |      16 */    struct tls_internal_t {
/*   1800      |       8 */        char *strsignal_buf;
/*   1808      |       8 */        char *strerror_l_buf;

                                   /* total size (bytes):   16 */
                               } tls_state;
/*   1816      |       8 */    void *getrandom_buf;
/*   1824      |      32 */    union {
/*                    24 */        struct {
/*   1824      |       4 */            uint32_t cpu_id_start;
/*   1828      |       4 */            uint32_t cpu_id;
/*   1832      |       8 */            uint64_t rseq_cs;
/*   1840      |       4 */            uint32_t flags;
/* XXX  4-byte padding   */

                                       /* total size (bytes):   24 */
                                   };
/*                    32 */        char pad[32];

                                   /* total size (bytes):   32 */
                               } rseq_area;

                               /* total size (bytes): 1856 */
                             }
